../Core/Src/main.c:100:5:__io_putchar	16	static
../Core/Src/main.c:104:5:__io_getchar	16	static
../Core/Src/main.c:121:5:main	152	static
../Core/Src/main.c:239:6:SystemClock_Config	88	static
../Core/Src/main.c:284:13:MX_NVIC_Init	8	static
../Core/Src/main.c:299:13:MX_ETH_Init	8	static
../Core/Src/main.c:348:13:MX_TIM2_Init	64	static
../Core/Src/main.c:407:13:MX_TIM3_Init	64	static
../Core/Src/main.c:466:13:MX_UART5_Init	8	static
../Core/Src/main.c:499:13:MX_USART3_UART_Init	8	static
../Core/Src/main.c:532:13:MX_USB_OTG_FS_PCD_Init	8	static
../Core/Src/main.c:567:13:MX_GPIO_Init	56	static
../Core/Src/main.c:618:6:HAL_UART_RxCpltCallback	16	static
../Core/Src/main.c:635:6:StartUartTask	16	static
../Core/Src/main.c:681:6:StartMotorTask	32	static
../Core/Src/main.c:717:6:StartTrigTask	16	static
../Core/Src/main.c:741:6:HAL_TIM_PeriodElapsedCallback	16	static
../Core/Src/main.c:758:6:Error_Handler	4	static,ignoring_inline_asm
